// Vitest Snapshot v1, https://vitest.dev/guide/snapshot.html

exports[`FirstStepsApp > should match snapshot 1`] = `
<div>
  <h1>
    Hola mundo
  </h1>
  <p>
    Esto es un parrafo
  </p>
  <button>
    Click me
  </button>
  <div>
    <h2>
      HOla dentro de un div
    </h2>
  </div>
</div>
`;
